
22:37:29.008 [info] Application logger started at :nonode@nohost

22:37:29.009 [info] Application xp_mime started at :nonode@nohost

22:37:29.009 [info] Application xp_hpax started at :nonode@nohost

22:37:29.009 [info] Application crypto started at :nonode@nohost

22:37:29.009 [info] Application asn1 started at :nonode@nohost

22:37:29.009 [info] Application public_key started at :nonode@nohost

22:37:29.011 [debug] Child :ssl_handler of Supervisor :logger_sup started
Pid: #PID<0.105.0>
Start Call: :logger_olp.start_link(:logger_std_h_ssl_handler, :logger_h_common, %{id: :ssl_handler, module: :logger_std_h, config: %{type: :standard_io, filesync_repeat_interval: :no_repeat}, level: :debug, filters: [], filter_default: :stop, formatter: {:ssl_logger, %{}}}, %{})
Restart: :temporary
Shutdown: 2000
Type: :worker

22:37:29.014 [info] Child :ssl_pem_cache of Supervisor :ssl_admin_sup started
Pid: #PID<0.109.0>
Start Call: :ssl_pem_cache.start_link([])
Restart: :permanent
Shutdown: 4000
Type: :worker

22:37:29.016 [info] Child :ssl_manager of Supervisor :ssl_admin_sup started
Pid: #PID<0.110.0>
Start Call: :ssl_manager.start_link([])
Restart: :permanent
Shutdown: 4000
Type: :worker

22:37:29.016 [info] Child :tls_client_ticket_store of Supervisor :ssl_admin_sup started
Pid: #PID<0.111.0>
Start Call: :tls_client_ticket_store.start_link(1000, 7200)
Restart: :permanent
Shutdown: 4000
Type: :worker

22:37:29.017 [info] Child :ssl_admin_sup of Supervisor :ssl_sup started
Pid: #PID<0.108.0>
Start Call: :ssl_admin_sup.start_link()
Restart: :permanent
Shutdown: 4000
Type: :supervisor

22:37:29.018 [info] Child :tls_connection_sup of Supervisor :tls_sup started
Pid: #PID<0.114.0>
Start Call: :tls_connection_sup.start_link()
Restart: :permanent
Shutdown: 4000
Type: :supervisor

22:37:29.019 [info] Child :ssl_listen_tracker_sup of Supervisor :tls_server_sup started
Pid: #PID<0.116.0>
Start Call: :ssl_listen_tracker_sup.start_link()
Restart: :permanent
Shutdown: 4000
Type: :supervisor

22:37:29.019 [info] Child :tls_server_session_ticket of Supervisor :tls_server_sup started
Pid: #PID<0.117.0>
Start Call: :tls_server_session_ticket_sup.start_link()
Restart: :permanent
Shutdown: 4000
Type: :supervisor

22:37:29.020 [info] Child :ssl_server_session_cache_sup of Supervisor :tls_server_sup started
Pid: #PID<0.118.0>
Start Call: :ssl_server_session_cache_sup.start_link()
Restart: :permanent
Shutdown: 4000
Type: :supervisor

22:37:29.020 [info] Child :ssl_upgrade_server_session_cache_sup of Supervisor :tls_server_sup started
Pid: #PID<0.119.0>
Start Call: :ssl_upgrade_server_session_cache_sup.start_link()
Restart: :permanent
Shutdown: 4000
Type: :supervisor

22:37:29.021 [info] Child :tls_server_sup of Supervisor :tls_sup started
Pid: #PID<0.115.0>
Start Call: :tls_server_sup.start_link()
Restart: :permanent
Shutdown: 4000
Type: :supervisor

22:37:29.021 [info] Child :tls_sup of Supervisor :ssl_connection_sup started
Pid: #PID<0.113.0>
Start Call: :tls_sup.start_link()
Restart: :permanent
Shutdown: 4000
Type: :supervisor

22:37:29.022 [info] Child :dtls_connection_sup of Supervisor :dtls_sup started
Pid: #PID<0.121.0>
Start Call: :dtls_connection_sup.start_link()
Restart: :permanent
Shutdown: 4000
Type: :supervisor

22:37:29.023 [info] Child :dtls_listener_sup of Supervisor :dtls_server_sup started
Pid: #PID<0.123.0>
Start Call: :dtls_listener_sup.start_link()
Restart: :permanent
Shutdown: 4000
Type: :supervisor

22:37:29.023 [info] Child :dtls_server_session_cache_sup of Supervisor :dtls_server_sup started
Pid: #PID<0.124.0>
Start Call: :dtls_server_session_cache_sup.start_link()
Restart: :permanent
Shutdown: 4000
Type: :supervisor

22:37:29.023 [info] Child :dtls_server_sup of Supervisor :dtls_sup started
Pid: #PID<0.122.0>
Start Call: :dtls_server_sup.start_link()
Restart: :permanent
Shutdown: 4000
Type: :supervisor

22:37:29.023 [info] Child :dtls_sup of Supervisor :ssl_connection_sup started
Pid: #PID<0.120.0>
Start Call: :dtls_sup.start_link()
Restart: :permanent
Shutdown: 4000
Type: :supervisor

22:37:29.023 [info] Child :ssl_connection_sup of Supervisor :ssl_sup started
Pid: #PID<0.112.0>
Start Call: :ssl_connection_sup.start_link()
Restart: :permanent
Shutdown: 4000
Type: :supervisor

22:37:29.024 [info] Application ssl started at :nonode@nohost

22:37:29.024 [info] Application xp_mint started at :nonode@nohost

22:37:29.024 [info] Application xp_nimble_options started at :nonode@nohost

22:37:29.027 [info] Child XPNimblePool.TaskSupervisor of Supervisor #PID<0.130.0> (Supervisor.Default) started
Pid: #PID<0.131.0>
Start Call: Task.Supervisor.start_link([name: XPNimblePool.TaskSupervisor])
Restart: :permanent
Shutdown: :infinity
Type: :supervisor

22:37:29.027 [info] Application xp_nimble_pool started at :nonode@nohost

22:37:29.029 [info] Child :telemetry_handler_table of Supervisor :telemetry_sup started
Pid: #PID<0.135.0>
Start Call: :telemetry_handler_table.start_link()
Restart: :permanent
Shutdown: 5000
Type: :worker

22:37:29.029 [info] Application xp_telemetry started at :nonode@nohost

22:37:29.029 [info] Application xp_finch started at :nonode@nohost

22:37:29.042 [info] Child XPReq.Finch.PIDPartition0 of Supervisor XPReq.Finch started
Pid: #PID<0.141.0>
Start Call: Registry.Partition.start_link(XPReq.Finch.PIDPartition0, {:duplicate, XPReq.Finch, 0, 1, XPReq.Finch.KeyPartition0, XPReq.Finch.PIDPartition0, [], false})
Restart: :permanent
Shutdown: 5000
Type: :worker

22:37:29.042 [info] Child XPReq.Finch of Supervisor XPReq.Finch.Supervisor started
Pid: #PID<0.140.0>
Start Call: Registry.start_link([keys: :duplicate, name: XPReq.Finch, meta: [config: %{pools: %{}, registry_name: XPReq.Finch, supervisor_name: XPReq.Finch.PoolSupervisor, manager_name: XPReq.Finch.PoolManager, default_pool_config: %{count: 1, size: 50, mod: XPFinch.HTTP1.Pool, conn_opts: [protocols: [:http1], transport_opts: [keepalive: true, nodelay: true, timeout: 5000], ssl_key_log_file_device: nil], pool_max_idle_time: :infinity, conn_max_idle_time: :infinity, start_pool_metrics?: false}}]])
Restart: :permanent
Shutdown: :infinity
Type: :supervisor

22:37:29.042 [info] Child XPReq.Finch.PoolSupervisor of Supervisor XPReq.Finch.Supervisor started
Pid: #PID<0.142.0>
Start Call: DynamicSupervisor.start_link([name: XPReq.Finch.PoolSupervisor, strategy: :one_for_one])
Restart: :permanent
Shutdown: :infinity
Type: :supervisor

22:37:29.042 [info] Child XPFinch.PoolManager of Supervisor XPReq.Finch.Supervisor started
Pid: #PID<0.143.0>
Start Call: XPFinch.PoolManager.start_link(%{pools: %{}, registry_name: XPReq.Finch, supervisor_name: XPReq.Finch.PoolSupervisor, manager_name: XPReq.Finch.PoolManager, default_pool_config: %{count: 1, size: 50, mod: XPFinch.HTTP1.Pool, conn_opts: [protocols: [:http1], transport_opts: [keepalive: true, nodelay: true, timeout: 5000], ssl_key_log_file_device: nil], pool_max_idle_time: :infinity, conn_max_idle_time: :infinity, start_pool_metrics?: false}})
Restart: :permanent
Shutdown: 5000
Type: :worker

22:37:29.043 [info] Child XPReq.Finch of Supervisor #PID<0.138.0> (Supervisor.Default) started
Pid: #PID<0.139.0>
Start Call: XPFinch.start_link([name: XPReq.Finch, pools: %{default: [protocols: [:http1]]}])
Restart: :permanent
Shutdown: 5000
Type: :worker

22:37:29.043 [info] Child XPReq.FinchSupervisor of Supervisor #PID<0.138.0> (Supervisor.Default) started
Pid: #PID<0.144.0>
Start Call: DynamicSupervisor.start_link([strategy: :one_for_one, name: XPReq.FinchSupervisor])
Restart: :permanent
Shutdown: :infinity
Type: :supervisor

22:37:29.043 [info] Child XPReq.Test.Ownership of Supervisor #PID<0.138.0> (Supervisor.Default) started
Pid: #PID<0.145.0>
Start Call: XPReq.Test.Ownership.start_link([name: XPReq.Test.Ownership])
Restart: :permanent
Shutdown: 5000
Type: :worker

22:37:29.043 [info] Application xp_req started at :nonode@nohost

22:37:29.043 [info] Application burrito started at :nonode@nohost

22:37:29.046 [info] Child XPBriefly.Entry of Supervisor XPBriefly.Supervisor started
Pid: #PID<0.149.0>
Start Call: XPBriefly.Entry.start_link([])
Restart: :permanent
Shutdown: 5000
Type: :worker

22:37:29.046 [info] Application xp_briefly started at :nonode@nohost

22:37:29.046 [info] Application xp_schematic started at :nonode@nohost

22:37:29.046 [info] Application xp_typed_struct started at :nonode@nohost

22:37:29.046 [info] Application xp_gen_lsp started at :nonode@nohost

22:37:29.046 [info] Application xp_sourceror started at :nonode@nohost

22:37:29.046 [info] Application xp_spitfire started at :nonode@nohost

22:37:29.046 [info] Application xp_forge started at :nonode@nohost

22:37:29.053 [info] Child :ttb_autostart of Supervisor :runtime_tools_sup started
Pid: #PID<0.153.0>
Start Call: :ttb_autostart.start_link()
Restart: :temporary
Shutdown: 3000
Type: :worker

22:37:29.054 [info] Application runtime_tools started at :nonode@nohost

22:37:29.054 [info] Application et started at :nonode@nohost

22:37:29.054 [info] Application observer started at :nonode@nohost

22:37:29.054 [info] Application xp_path_glob started at :nonode@nohost

22:37:29.059 instance_id=19E802F6060 [info] Expert v0.1.0-rc.6 starting on stdio

22:37:29.076 instance_id=19E802F6060 [info] Starting NodePortMapper on nonode@nohost

22:37:29.081 instance_id=19E802F6060 [info] Child XPForge.NodePortMapper of Supervisor XPExpert.Supervisor started
Pid: #PID<0.158.0>
Start Call: XPForge.NodePortMapper.start_link([])
Restart: :permanent
Shutdown: 5000
Type: :worker

22:37:29.083 instance_id=19E802F6060 [info] Child XPForge.Document.Store of Supervisor XPExpert.Supervisor started
Pid: #PID<0.159.0>
Start Call: XPForge.Document.Store.start_link([derive: [analysis: &XPForge.Ast.analyze/1]])
Restart: :permanent
Shutdown: 5000
Type: :worker

22:37:29.083 instance_id=19E802F6060 [info] Child XPExpert.ProjectSupervisor of Supervisor XPExpert.Supervisor started
Pid: #PID<0.160.0>
Start Call: DynamicSupervisor.start_link([name: XPExpert.ProjectSupervisor, strategy: :one_for_one])
Restart: :permanent
Shutdown: :infinity
Type: :supervisor

22:37:29.083 instance_id=19E802F6060 [info] Child XPExpert.DynamicSupervisor of Supervisor XPExpert.Supervisor started
Pid: #PID<0.161.0>
Start Call: DynamicSupervisor.start_link([name: XPExpert.DynamicSupervisor])
Restart: :permanent
Shutdown: :infinity
Type: :supervisor

22:37:29.085 instance_id=19E802F6060 [info] Child XPGenLSP.Assigns of Supervisor XPExpert.Supervisor started
Pid: #PID<0.162.0>
Start Call: XPGenLSP.Assigns.start_link([name: XPExpert.Assigns])
Restart: :permanent
Shutdown: 5000
Type: :worker

22:37:29.085 instance_id=19E802F6060 [info] Child :expert_task_queue of Supervisor XPExpert.Supervisor started
Pid: #PID<0.163.0>
Start Call: Task.Supervisor.start_link([name: :expert_task_queue])
Restart: :permanent
Shutdown: :infinity
Type: :supervisor

22:37:29.087 instance_id=19E802F6060 [info] Child XPGenLSP.Buffer of Supervisor XPExpert.Supervisor started
Pid: #PID<0.164.0>
Start Call: XPGenLSP.Buffer.start_link([name: XPExpert.Buffer])
Restart: :permanent
Shutdown: 5000
Type: :worker

22:37:29.088 instance_id=19E802F6060 [info] Child XPExpert.ActiveProjects of Supervisor XPExpert.Supervisor started
Pid: #PID<0.165.0>
Start Call: XPExpert.ActiveProjects.start_link()
Restart: :permanent
Shutdown: 5000
Type: :worker

22:37:29.088 instance_id=19E802F6060 [debug] [name: XPExpert, buffer: XPExpert.Buffer, task_supervisor: :expert_task_queue, dynamic_supervisor: XPExpert.DynamicSupervisor, assigns: XPExpert.Assigns]

22:37:29.095 instance_id=19E802F6060 [info] Child XPExpert of Supervisor XPExpert.Supervisor started
Pid: #PID<0.166.0>
Start Call: XPExpert.start_link([name: XPExpert, buffer: XPExpert.Buffer, task_supervisor: :expert_task_queue, dynamic_supervisor: XPExpert.DynamicSupervisor, assigns: XPExpert.Assigns])
Restart: :permanent
Shutdown: 500
Type: :worker

22:37:29.095 instance_id=19E802F6060 [info] Application xp_expert started at :nonode@nohost

22:37:29.200 instance_id=19E802F6060 [debug] handled request client -> server initialize in 93ms

22:37:29.204 instance_id=19E802F6060 [debug] sent notification server -> client window/logMessage

22:37:29.204 instance_id=19E802F6060 [info] Server initialized, registering capabilities

22:37:29.205 instance_id=19E802F6060 [debug] sent request server -> client client/registerCapability

22:37:29.210 instance_id=19E802F6060 [debug] handled notification client -> server initialized in 8ms
